// Jest Snapshot v1, https://goo.gl/fbAQLP

exports[`renders Header correctly 1`] = `
<div>
  <div
    class="ui inverted menu"
  >
    <a
      class="header item"
    >
      Header
    </a>
  </div>
</div>
`;
