// Jest Snapshot v1, https://goo.gl/fbAQLP

exports[`renders index correctly 1`] = `"{}"`;
